
> astro-site@0.0.1 build
> astro build

[2m11:54:21[22m [34m[content][39m Syncing content
node.exe : [Shiki] The language "C" doesn't exist, fallin
g back to "plaintext".
発生場所 行:1 文字:1
+ & "C:\Program Files\nodejs/node.exe" "C:\Program Files\
nodejs/node_mo ...
+ ~~~~~~~~~~~~~~~~~~~~~~~~~~~~~~~~~~~~~~~~~~~~~~~~~~~~~~~
~~~~~~~~~~~~~~
    + CategoryInfo          : NotSpecified: ([Shiki] The 
    lan...to "plaintext".:String) [], RemoteException
    + FullyQualifiedErrorId : NativeCommandError
 
[Shiki] The language "C" doesn't exist, falling back to "
plaintext".
[Shiki] The language "Python" doesn't exist, falling back
 to "plaintext".
[Shiki] The language "C" doesn't exist, falling back to "
plaintext".
[Shiki] The language "C" doesn't exist, falling back to "
plaintext".
[Shiki] The language "C" doesn't exist, falling back to "
plaintext".
[Shiki] The language "C" doesn't exist, falling back to "
plaintext".
[Shiki] The language "C" doesn't exist, falling back to "
plaintext".
[Shiki] The language "C" doesn't exist, falling back to "
plaintext".
[Shiki] The language "C" doesn't exist, falling back to "
plaintext".
[Shiki] The language "C" doesn't exist, falling back to "
plaintext".
[Shiki] The language "Python" doesn't exist, falling back
 to "plaintext".
[Shiki] The language "C" doesn't exist, falling back to "
plaintext".
[Shiki] The language "C" doesn't exist, falling back to "
plaintext".
[Shiki] The language "C" doesn't exist, falling back to "
plaintext".
[Shiki] The language "C" doesn't exist, falling back to "
plaintext".
[Shiki] The language "C" doesn't exist, falling back to "
plaintext".
[Shiki] The language "C" doesn't exist, falling back to "
plaintext".
[Shiki] The language "C" doesn't exist, falling back to "
plaintext".
[Shiki] The language "C" doesn't exist, falling back to "
plaintext".
[Shiki] The language "C" doesn't exist, falling back to "
plaintext".
[Shiki] The language "C" doesn't exist, falling back to "
plaintext".
[Shiki] The language "C" doesn't exist, falling back to "
plaintext".
[Shiki] The language "C" doesn't exist, falling back to "
plaintext".
[Shiki] The language "C" doesn't exist, falling back to "
plaintext".
[Shiki] The language "C" doesn't exist, falling back to "
plaintext".
[Shiki] The language "xaml" doesn't exist, falling back t
o "plaintext".
[Shiki] The language "C" doesn't exist, falling back to "
plaintext".
[Shiki] The language "Python" doesn't exist, falling back
 to "plaintext".
[31m[InvalidContentEntryDataError][39m [1mnovel 竊・stel
lar_odyssey[22m data does not match collection schema.

  [1mstatus**: **status[22m: Invalid enum value. Expect
ed 'ongoing' | 'completed' | 'hiatus', received 'finished
'

  [1mHint:[22m
[33m    See [4mhttps://docs.astro.build/en/guides/conte
nt-collections/[24m for more information on content sche
mas.[39m
  [1mError reference:[22m
    [36m[4mhttps://docs.astro.build/en/reference/errors
/invalid-content-entry-data-error/[24m[39m
  [1mLocation:[22m
    [4mC:\Users\miura\WP_blog\1_WP_CM_blog\astro-site\sr
c\content\novel\stellar_odyssey\index.md:0:0[24m
  [1mStack trace:[22m
[2m    at getEntryDataAndImages (file:///C:/Users/miura/
WP_blog/1_WP_CM_blog/astro-site/node_modules/astro/dist/c
ontent/utils.js:161:26)
    at async syncData (file:///C:/Users/miura/WP_blog/1_W
P_CM_blog/astro-site/node_modules/astro/dist/content/load
ers/glob.js:94:28)[22m
